Starting a Gradle Daemon, 1 busy and 2 stopped Daemons could not be reused, use --status for details
Reusing configuration cache.
> Task :app:checkKotlinGradlePluginConfigurationErrors SKIPPED
> Task :app:preBuild UP-TO-DATE
> Task :app:preDebugBuild UP-TO-DATE
> Task :app:generateDebugResValues UP-TO-DATE
> Task :app:generateDebugBuildConfig UP-TO-DATE
> Task :app:createDebugCompatibleScreenManifests UP-TO-DATE
> Task :app:extractDeepLinksDebug UP-TO-DATE
> Task :app:generateDebugResources UP-TO-DATE
> Task :app:packageDebugResources UP-TO-DATE
> Task :app:parseDebugLocalResources UP-TO-DATE
> Task :app:mergeDebugResources UP-TO-DATE
> Task :app:mapDebugSourceSetPaths UP-TO-DATE
> Task :app:checkDebugAarMetadata UP-TO-DATE
> Task :app:processDebugMainManifest UP-TO-DATE
> Task :app:processDebugManifest UP-TO-DATE
> Task :app:processDebugManifestForPackage UP-TO-DATE
> Task :app:processDebugResources UP-TO-DATE
> Task :app:kspDebugKotlin UP-TO-DATE

> Task :app:compileDebugKotlin
./gradlew : e: file:///C:/Users/chand/AndroidStudioProjects/Nearby/app/src/main/java/com/nearby/app/ui/components/Nearb
yBottomBar.kt:23:23 Unresolved reference 'navigation'.
At line:1 char:1
+ ./gradlew :app:compileDebugKotlin > build_errors.txt 2>&1
+ ~~~~~~~~~~~~~~~~~~~~~~~~~~~~~~~~~~~~~~~~~~~~~~~~~~~~~~~~~
    + CategoryInfo          : NotSpecified: (e: file:///C:/U...e 'navigation'.:String) [], RemoteException
    + FullyQualifiedErrorId : NativeCommandError
 
e: file:///C:/Users/chand/AndroidStudioProjects/Nearby/app/src/main/java/com/nearby/app/ui/components/NearbyBottomBar.k
t:34:19 Unresolved reference 'Routes'.
e: file:///C:/Users/chand/AndroidStudioProjects/Nearby/app/src/main/java/com/nearby/app/ui/components/NearbyBottomBar.k
t:34:31 Unresolved reference 'route'.
e: file:///C:/Users/chand/AndroidStudioProjects/Nearby/app/src/main/java/com/nearby/app/ui/components/NearbyBottomBar.k
t:35:19 Unresolved reference 'Routes'.
e: file:///C:/Users/chand/AndroidStudioProjects/Nearby/app/src/main/java/com/nearby/app/ui/components/NearbyBottomBar.k
t:36:19 Unresolved reference 'Routes'.
e: file:///C:/Users/chand/AndroidStudioProjects/Nearby/app/src/main/java/com/nearby/app/ui/components/NearbyBottomBar.k
t:37:19 Unresolved reference 'Routes'.
e: file:///C:/Users/chand/AndroidStudioProjects/Nearby/app/src/main/java/com/nearby/app/ui/components/NearbyBottomBar.k
t:51:39 Unresolved reference 'Routes'.

> Task :app:compileDebugKotlin FAILED

FAILURE: Build failed with an exception.

* What went wrong:
Execution failed for task ':app:compileDebugKotlin'.
> A failure occurred while executing 
org.jetbrains.kotlin.compilerRunner.GradleCompilerRunnerWithWorkers$GradleKotlinCompilerWorkAction
   > Compilation error. See log for more details

* Try:
> Run with --stacktrace option to get the stack trace.
> Run with --info or --debug option to get more log output.
> Run with --scan to get full insights.
> Get more help at https://help.gradle.org.

BUILD FAILED in 1m 8s
16 actionable tasks: 1 executed, 15 up-to-date
Configuration cache entry reused.
