Reusing configuration cache.
> Task :app:preBuild UP-TO-DATE
> Task :app:checkKotlinGradlePluginConfigurationErrors SKIPPED
> Task :app:preDebugBuild UP-TO-DATE
> Task :app:generateDebugResValues UP-TO-DATE
> Task :app:createDebugCompatibleScreenManifests UP-TO-DATE
> Task :app:extractDeepLinksDebug UP-TO-DATE
> Task :app:generateDebugResources UP-TO-DATE
> Task :app:packageDebugResources UP-TO-DATE
> Task :app:generateDebugBuildConfig UP-TO-DATE
> Task :app:parseDebugLocalResources UP-TO-DATE
> Task :app:checkDebugAarMetadata UP-TO-DATE
> Task :app:mergeDebugResources UP-TO-DATE
> Task :app:mapDebugSourceSetPaths UP-TO-DATE
> Task :app:processDebugMainManifest UP-TO-DATE
> Task :app:processDebugManifest UP-TO-DATE
> Task :app:processDebugManifestForPackage UP-TO-DATE
> Task :app:processDebugResources UP-TO-DATE
> Task :app:kspDebugKotlin UP-TO-DATE

> Task :app:compileDebugKotlin FAILED
./gradlew : e: file:///C:/Users/chand/AndroidStudioProjects/Nearby/app/src/main/java/com/nearby/app/ui/account/AccountS
creen.kt:112:44 Unresolved reference 'CardTitle'.
At line:1 char:1
+ ./gradlew :app:compileDebugKotlin > build_output.txt 2>&1
+ ~~~~~~~~~~~~~~~~~~~~~~~~~~~~~~~~~~~~~~~~~~~~~~~~~~~~~~~~~
    + CategoryInfo          : NotSpecified: (e: file:///C:/U...ce 'CardTitle'.:String) [], RemoteException
    + FullyQualifiedErrorId : NativeCommandError
 
e: file:///C:/Users/chand/AndroidStudioProjects/Nearby/app/src/main/java/com/nearby/app/ui/cart/CartScreen.kt:177:36 
Unresolved reference 'CardTitle'.
e: file:///C:/Users/chand/AndroidStudioProjects/Nearby/app/src/main/java/com/nearby/app/ui/components/LocationBar.kt:54
:40 Unresolved reference 'CardTitle'.
e: file:///C:/Users/chand/AndroidStudioProjects/Nearby/app/src/main/java/com/nearby/app/ui/components/ProductCard.kt:59
:40 Unresolved reference 'CardTitle'.
e: 
file:///C:/Users/chand/AndroidStudioProjects/Nearby/app/src/main/java/com/nearby/app/ui/components/ShopCard.kt:47:34 
Unresolved reference 'imageUrl'.
e: 
file:///C:/Users/chand/AndroidStudioProjects/Nearby/app/src/main/java/com/nearby/app/ui/components/ShopCard.kt:72:40 
Unresolved reference 'CardTitle'.
e: file:///C:/Users/chand/AndroidStudioProjects/Nearby/app/src/main/java/com/nearby/app/ui/home/HomeScreen.kt:141:89 
Unresolved reference 'QrCodeScanner'.
e: file:///C:/Users/chand/AndroidStudioProjects/Nearby/app/src/main/java/com/nearby/app/ui/home/HomeScreen.kt:201:48 
Unresolved reference 'CardTitle'.
e: file:///C:/Users/chand/AndroidStudioProjects/Nearby/app/src/main/java/com/nearby/app/ui/navigation/NearbyNavHost.kt:
13:31 Unresolved reference 'RegistrationScreen'.
e: file:///C:/Users/chand/AndroidStudioProjects/Nearby/app/src/main/java/com/nearby/app/ui/navigation/NearbyNavHost.kt:
14:31 Unresolved reference 'VerifyOtpScreen'.
e: file:///C:/Users/chand/AndroidStudioProjects/Nearby/app/src/main/java/com/nearby/app/ui/navigation/NearbyNavHost.kt:
71:13 Unresolved reference 'RegistrationScreen'.
e: file:///C:/Users/chand/AndroidStudioProjects/Nearby/app/src/main/java/com/nearby/app/ui/navigation/NearbyNavHost.kt:
73:39 Cannot infer type for this parameter. Please specify it explicitly.
e: file:///C:/Users/chand/AndroidStudioProjects/Nearby/app/src/main/java/com/nearby/app/ui/navigation/NearbyNavHost.kt:
81:13 Unresolved reference 'VerifyOtpScreen'.
e: 
file:///C:/Users/chand/AndroidStudioProjects/Nearby/app/src/main/java/com/nearby/app/ui/orders/OrdersScreen.kt:30:18 
Cannot infer type for this parameter. Please specify it explicitly.
e: 
file:///C:/Users/chand/AndroidStudioProjects/Nearby/app/src/main/java/com/nearby/app/ui/orders/OrdersScreen.kt:30:18 
Property delegate must have a 'getValue(Nothing?, KProperty0<ERROR CLASS: Cannot infer argument for type parameter 
T>)' method. None of the following functions is applicable:
fun <T> State<T>.getValue(thisObj: Any?, property: KProperty<*>): T
e: 
file:///C:/Users/chand/AndroidStudioProjects/Nearby/app/src/main/java/com/nearby/app/ui/orders/OrdersScreen.kt:30:28 
Unresolved reference 'state'.
e: 
file:///C:/Users/chand/AndroidStudioProjects/Nearby/app/src/main/java/com/nearby/app/ui/orders/OrdersScreen.kt:30:34 
Cannot infer type for this parameter. Please specify it explicitly.
e: 
file:///C:/Users/chand/AndroidStudioProjects/Nearby/app/src/main/java/com/nearby/app/ui/orders/OrdersScreen.kt:56:19 
Unresolved reference 'isLoading'.
e: 
file:///C:/Users/chand/AndroidStudioProjects/Nearby/app/src/main/java/com/nearby/app/ui/orders/OrdersScreen.kt:60:26 
Unresolved reference 'orders'.
e: 
file:///C:/Users/chand/AndroidStudioProjects/Nearby/app/src/main/java/com/nearby/app/ui/orders/OrdersScreen.kt:84:29 
Unresolved reference 'orders'.
e: 
file:///C:/Users/chand/AndroidStudioProjects/Nearby/app/src/main/java/com/nearby/app/ui/orders/OrdersScreen.kt:85:35 
Argument type mismatch: actual type is 'kotlin.Int', but 'com.nearby.app.data.model.Order' was expected.
e: 
file:///C:/Users/chand/AndroidStudioProjects/Nearby/app/src/main/java/com/nearby/app/ui/orders/OrdersScreen.kt:107:40 
Unresolved reference 'CardTitle'.
e: 
file:///C:/Users/chand/AndroidStudioProjects/Nearby/app/src/main/java/com/nearby/app/ui/orders/OrdersScreen.kt:112:68 
Unresolved reference 'totalAmount'.
e: file:///C:/Users/chand/AndroidStudioProjects/Nearby/app/src/main/java/com/nearby/app/ui/store/StoreManageScreen.kt:1
09:32 Unresolved reference 'CardTitle'.
e: file:///C:/Users/chand/AndroidStudioProjects/Nearby/app/src/main/java/com/nearby/app/ui/store/StoreManageScreen.kt:1
53:49 Unresolved reference 'Color'.
e: file:///C:/Users/chand/AndroidStudioProjects/Nearby/app/src/main/java/com/nearby/app/ui/store/StoreManageScreen.kt:1
55:73 Unresolved reference 'Color'.
e: file:///C:/Users/chand/AndroidStudioProjects/Nearby/app/src/main/java/com/nearby/app/ui/store/StoreManageScreen.kt:1
63:77 Unresolved reference 'Color'.
e: file:///C:/Users/chand/AndroidStudioProjects/Nearby/app/src/main/java/com/nearby/app/ui/store/StoreManageScreen.kt:2
02:44 Unresolved reference 'Color'.
e: file:///C:/Users/chand/AndroidStudioProjects/Nearby/app/src/main/java/com/nearby/app/ui/store/StoreManageScreen.kt:2
57:95 Unresolved reference 'CardTitle'.

FAILURE: Build failed with an exception.

* What went wrong:
Execution failed for task ':app:compileDebugKotlin'.
> A failure occurred while executing 
org.jetbrains.kotlin.compilerRunner.GradleCompilerRunnerWithWorkers$GradleKotlinCompilerWorkAction
   > Compilation error. See log for more details

* Try:
> Run with --stacktrace option to get the stack trace.
> Run with --info or --debug option to get more log output.
> Run with --scan to get full insights.
> Get more help at https://help.gradle.org.

BUILD FAILED in 10s
16 actionable tasks: 1 executed, 15 up-to-date
Configuration cache entry reused.
